[2025-12-03 19:06:19,840: INFO: main: welcome to our custom cnnClassifier]
[2026-01-10 23:13:44,669: INFO: common: yaml file: config\config.yaml loaded successfully]
[2026-01-10 23:13:44,911: INFO: common: yaml file: params.yaml loaded successfully]
[2026-01-10 23:13:44,915: ERROR: common: yaml file: params.yaml is empty]
[2026-01-10 23:16:37,458: INFO: common: yaml file: config\config.yaml loaded successfully]
[2026-01-10 23:16:37,461: INFO: common: yaml file: params.yaml loaded successfully]
[2026-01-10 23:16:37,463: ERROR: common: yaml file: params.yaml is empty]
[2026-01-10 23:17:14,516: INFO: common: yaml file: config\config.yaml loaded successfully]
[2026-01-10 23:17:14,527: INFO: common: yaml file: params.yaml loaded successfully]
[2026-01-10 23:17:14,610: INFO: common: created directory at: artifacts]
[2026-01-12 23:01:06,535: INFO: main: >>>>>> stage Data Ingestion Stage started <<<<<<]
[2026-01-12 23:01:06,559: INFO: common: yaml file: config\config.yaml loaded successfully]
[2026-01-12 23:01:06,607: INFO: common: yaml file: params.yaml loaded successfully]
[2026-01-12 23:01:06,621: INFO: common: created directory at: artifacts]
[2026-01-12 23:01:06,624: INFO: data_ingestion: Downloading file from :[https://drive.google.com/file/d/1WqOq9gp-ZC2nY9QcoqTtfpCDn48Vr1o5/view?usp=sharing] into :[artifacts/data_ingestion/data.zip]]
[2026-01-12 23:07:00,754: INFO: data_ingestion: Downloaded data from https://drive.google.com/file/d/1WqOq9gp-ZC2nY9QcoqTtfpCDn48Vr1o5/view?usp=sharing into file artifacts/data_ingestion/data.zip]
[2026-01-12 23:08:17,721: INFO: main: >>>>>> stage Data Ingestion Stage completed <<<<<<

x==========x]
[2026-01-13 18:58:38,599: INFO: common: yaml file: config\config.yaml loaded successfully]
[2026-01-13 18:58:39,844: INFO: common: yaml file: params.yaml loaded successfully]
[2026-01-13 18:58:40,065: INFO: common: created directory at: artifacts]
[2026-01-13 18:58:40,067: INFO: common: created directory at: artifacts/prepare_base_model]
[2026-01-13 19:02:30,780: INFO: common: yaml file: config\config.yaml loaded successfully]
[2026-01-13 19:02:30,789: INFO: common: yaml file: params.yaml loaded successfully]
[2026-01-13 19:02:30,794: INFO: common: created directory at: artifacts]
[2026-01-13 19:02:30,796: INFO: common: created directory at: artifacts/prepare_base_model]
[2026-01-13 19:02:31,719: WARNING: saving_utils: Compiled the loaded model, but the compiled metrics have yet to be built. `model.compile_metrics` will be empty until you train or evaluate the model.]
[2026-01-13 19:27:34,925: INFO: main: >>>>>> stage Data Ingestion Stage started <<<<<<]
[2026-01-13 19:27:34,929: INFO: common: yaml file: config\config.yaml loaded successfully]
[2026-01-13 19:27:34,936: INFO: common: yaml file: params.yaml loaded successfully]
[2026-01-13 19:27:34,957: INFO: common: created directory at: artifacts]
[2026-01-13 19:27:34,963: INFO: data_ingestion: Downloading file from :[https://drive.google.com/file/d/1WqOq9gp-ZC2nY9QcoqTtfpCDn48Vr1o5/view?usp=sharing] into :[artifacts/data_ingestion/data.zip]]
[2026-01-13 19:32:30,973: INFO: data_ingestion: Downloaded data from https://drive.google.com/file/d/1WqOq9gp-ZC2nY9QcoqTtfpCDn48Vr1o5/view?usp=sharing into file artifacts/data_ingestion/data.zip]
[2026-01-13 19:33:31,872: INFO: main: >>>>>> stage Data Ingestion Stage completed <<<<<<

x==========x]
[2026-01-13 19:33:31,881: INFO: main: >>>>>> stage Prepare Base Model Stage started <<<<<<]
[2026-01-13 19:33:31,887: INFO: common: yaml file: config\config.yaml loaded successfully]
[2026-01-13 19:33:31,892: INFO: common: yaml file: params.yaml loaded successfully]
[2026-01-13 19:33:31,893: INFO: common: created directory at: artifacts]
[2026-01-13 19:33:31,895: INFO: common: created directory at: artifacts/prepare_base_model]
[2026-01-13 19:33:31,898: ERROR: main: error in stage Prepare Base Model Stage: name 'preapre_base_model_config' is not defined]
Traceback (most recent call last):
  File "C:\Users\lenovo\Desktop\Kidney-Disease-Prediction\main.py", line 23, in <module>
    obj.main()
  File "C:\Users\lenovo\Desktop\Kidney-Disease-Prediction\src\cnnClassifier\pipeline\stage_02_prepare_base_model.py", line 15, in main
    prepare_base_model_config = config.get_prepare_base_model_config()
  File "C:\Users\lenovo\Desktop\Kidney-Disease-Prediction\src\cnnClassifier\config\configuration.py", line 44, in get_prepare_base_model_config
    return preapre_base_model_config
NameError: name 'preapre_base_model_config' is not defined
[2026-01-13 19:39:21,395: INFO: main: >>>>>> stage Prepare Base Model Stage started <<<<<<]
[2026-01-13 19:39:21,400: INFO: common: yaml file: config\config.yaml loaded successfully]
[2026-01-13 19:39:21,403: INFO: common: yaml file: params.yaml loaded successfully]
[2026-01-13 19:39:21,413: INFO: common: created directory at: artifacts]
[2026-01-13 19:39:21,413: INFO: common: created directory at: artifacts/prepare_base_model]
[2026-01-13 19:39:25,312: WARNING: saving_utils: Compiled the loaded model, but the compiled metrics have yet to be built. `model.compile_metrics` will be empty until you train or evaluate the model.]
[2026-01-13 19:39:26,406: INFO: main: >>>>>> stage Prepare Base Model Stage completed <<<<<<

x==========x]
